mode: atomic
github.com/gophprofile/avatars-service/cmd/worker/main.go:24.13,26.16 2 0
github.com/gophprofile/avatars-service/cmd/worker/main.go:26.16,29.3 2 0
github.com/gophprofile/avatars-service/cmd/worker/main.go:31.2,34.16 3 0
github.com/gophprofile/avatars-service/cmd/worker/main.go:34.16,37.3 2 0
github.com/gophprofile/avatars-service/cmd/worker/main.go:38.2,38.15 1 0
github.com/gophprofile/avatars-service/cmd/worker/main.go:38.15,41.46 3 0
github.com/gophprofile/avatars-service/cmd/worker/main.go:41.46,43.4 1 0
github.com/gophprofile/avatars-service/cmd/worker/main.go:46.2,51.12 2 0
github.com/gophprofile/avatars-service/cmd/worker/main.go:51.12,53.87 2 0
github.com/gophprofile/avatars-service/cmd/worker/main.go:53.87,55.4 1 0
github.com/gophprofile/avatars-service/cmd/worker/main.go:57.2,57.15 1 0
github.com/gophprofile/avatars-service/cmd/worker/main.go:57.15,61.3 3 0
github.com/gophprofile/avatars-service/cmd/worker/main.go:63.2,64.16 2 0
github.com/gophprofile/avatars-service/cmd/worker/main.go:64.16,67.3 2 0
github.com/gophprofile/avatars-service/cmd/worker/main.go:68.2,71.16 3 0
github.com/gophprofile/avatars-service/cmd/worker/main.go:71.16,74.3 2 0
github.com/gophprofile/avatars-service/cmd/worker/main.go:75.2,78.16 3 0
github.com/gophprofile/avatars-service/cmd/worker/main.go:78.16,81.3 2 0
github.com/gophprofile/avatars-service/cmd/worker/main.go:83.2,85.16 3 0
github.com/gophprofile/avatars-service/cmd/worker/main.go:85.16,88.3 2 0
github.com/gophprofile/avatars-service/cmd/worker/main.go:90.2,108.12 7 0
github.com/gophprofile/avatars-service/cmd/worker/main.go:108.12,111.17 3 0
github.com/gophprofile/avatars-service/cmd/worker/main.go:111.17,113.4 1 0
github.com/gophprofile/avatars-service/cmd/worker/main.go:116.2,123.39 7 0
github.com/gophprofile/avatars-service/cmd/server/main.go:23.13,25.16 2 0
github.com/gophprofile/avatars-service/cmd/server/main.go:25.16,28.3 2 0
github.com/gophprofile/avatars-service/cmd/server/main.go:30.2,33.16 3 0
github.com/gophprofile/avatars-service/cmd/server/main.go:33.16,36.3 2 0
github.com/gophprofile/avatars-service/cmd/server/main.go:37.2,37.15 1 0
github.com/gophprofile/avatars-service/cmd/server/main.go:37.15,40.46 3 0
github.com/gophprofile/avatars-service/cmd/server/main.go:40.46,42.4 1 0
github.com/gophprofile/avatars-service/cmd/server/main.go:45.2,50.12 2 0
github.com/gophprofile/avatars-service/cmd/server/main.go:50.12,52.87 2 0
github.com/gophprofile/avatars-service/cmd/server/main.go:52.87,54.4 1 0
github.com/gophprofile/avatars-service/cmd/server/main.go:56.2,56.15 1 0
github.com/gophprofile/avatars-service/cmd/server/main.go:56.15,60.3 3 0
github.com/gophprofile/avatars-service/cmd/server/main.go:62.2,63.16 2 0
github.com/gophprofile/avatars-service/cmd/server/main.go:63.16,66.3 2 0
github.com/gophprofile/avatars-service/cmd/server/main.go:67.2,70.16 3 0
github.com/gophprofile/avatars-service/cmd/server/main.go:70.16,73.3 2 0
github.com/gophprofile/avatars-service/cmd/server/main.go:74.2,77.16 3 0
github.com/gophprofile/avatars-service/cmd/server/main.go:77.16,80.3 2 0
github.com/gophprofile/avatars-service/cmd/server/main.go:82.2,84.16 3 0
github.com/gophprofile/avatars-service/cmd/server/main.go:84.16,87.3 2 0
github.com/gophprofile/avatars-service/cmd/server/main.go:89.2,90.16 2 0
github.com/gophprofile/avatars-service/cmd/server/main.go:90.16,93.3 2 0
github.com/gophprofile/avatars-service/cmd/server/main.go:94.2,104.12 7 0
github.com/gophprofile/avatars-service/cmd/server/main.go:104.12,106.3 1 0
github.com/gophprofile/avatars-service/cmd/server/main.go:108.2,111.9 3 0
github.com/gophprofile/avatars-service/cmd/server/main.go:112.14,113.41 1 0
github.com/gophprofile/avatars-service/cmd/server/main.go:114.22,116.9 2 0
github.com/gophprofile/avatars-service/cmd/server/main.go:119.2,122.45 3 0
github.com/gophprofile/avatars-service/cmd/server/main.go:122.45,124.3 1 0
github.com/gophprofile/avatars-service/cmd/server/main.go:125.2,125.39 1 0
github.com/gophprofile/avatars-service/internal/observability/metrics.go:23.55,28.16 2 0
github.com/gophprofile/avatars-service/internal/observability/metrics.go:28.16,30.3 1 0
github.com/gophprofile/avatars-service/internal/observability/metrics.go:32.2,37.16 2 0
github.com/gophprofile/avatars-service/internal/observability/metrics.go:37.16,39.3 1 0
github.com/gophprofile/avatars-service/internal/observability/metrics.go:41.2,45.16 2 0
github.com/gophprofile/avatars-service/internal/observability/metrics.go:45.16,47.3 1 0
github.com/gophprofile/avatars-service/internal/observability/metrics.go:49.2,54.16 2 0
github.com/gophprofile/avatars-service/internal/observability/metrics.go:54.16,56.3 1 0
github.com/gophprofile/avatars-service/internal/observability/metrics.go:58.2,63.16 2 0
github.com/gophprofile/avatars-service/internal/observability/metrics.go:63.16,65.3 1 0
github.com/gophprofile/avatars-service/internal/observability/metrics.go:67.2,72.16 2 0
github.com/gophprofile/avatars-service/internal/observability/metrics.go:72.16,74.3 1 0
github.com/gophprofile/avatars-service/internal/observability/metrics.go:76.2,81.16 2 0
github.com/gophprofile/avatars-service/internal/observability/metrics.go:81.16,83.3 1 0
github.com/gophprofile/avatars-service/internal/observability/metrics.go:85.2,89.16 2 0
github.com/gophprofile/avatars-service/internal/observability/metrics.go:89.16,91.3 1 0
github.com/gophprofile/avatars-service/internal/observability/metrics.go:93.2,97.16 2 0
github.com/gophprofile/avatars-service/internal/observability/metrics.go:97.16,99.3 1 0
github.com/gophprofile/avatars-service/internal/observability/metrics.go:101.2,111.8 1 0
github.com/gophprofile/avatars-service/internal/observability/metrics.go:114.99,122.2 2 0
github.com/gophprofile/avatars-service/internal/observability/metrics.go:124.99,129.2 1 0
github.com/gophprofile/avatars-service/internal/observability/metrics.go:131.103,136.2 1 0
github.com/gophprofile/avatars-service/internal/observability/metrics.go:138.103,143.2 1 0
github.com/gophprofile/avatars-service/internal/observability/metrics.go:145.89,152.2 2 0
github.com/gophprofile/avatars-service/internal/observability/metrics.go:156.38,159.16 3 0
github.com/gophprofile/avatars-service/internal/observability/metrics.go:159.16,161.3 1 0
github.com/gophprofile/avatars-service/internal/observability/metrics.go:162.2,162.10 1 0
github.com/gophprofile/avatars-service/internal/observability/observability.go:23.84,32.16 2 0
github.com/gophprofile/avatars-service/internal/observability/observability.go:32.16,34.3 1 0
github.com/gophprofile/avatars-service/internal/observability/observability.go:36.2,39.16 3 0
github.com/gophprofile/avatars-service/internal/observability/observability.go:39.16,41.3 1 0
github.com/gophprofile/avatars-service/internal/observability/observability.go:42.2,46.16 4 0
github.com/gophprofile/avatars-service/internal/observability/observability.go:46.16,49.3 2 0
github.com/gophprofile/avatars-service/internal/observability/observability.go:50.2,53.46 3 0
github.com/gophprofile/avatars-service/internal/observability/observability.go:53.46,55.36 2 0
github.com/gophprofile/avatars-service/internal/observability/observability.go:55.36,56.53 1 0
github.com/gophprofile/avatars-service/internal/observability/observability.go:56.53,58.5 1 0
github.com/gophprofile/avatars-service/internal/observability/observability.go:60.3,60.18 1 0
github.com/gophprofile/avatars-service/internal/observability/observability.go:63.2,63.22 1 0
github.com/gophprofile/avatars-service/internal/observability/observability.go:66.100,69.20 2 0
github.com/gophprofile/avatars-service/internal/observability/observability.go:69.20,72.3 2 0
github.com/gophprofile/avatars-service/internal/observability/observability.go:74.2,75.16 2 0
github.com/gophprofile/avatars-service/internal/observability/observability.go:75.16,77.3 1 0
github.com/gophprofile/avatars-service/internal/observability/observability.go:79.2,85.16 2 0
github.com/gophprofile/avatars-service/internal/observability/observability.go:88.82,90.16 2 0
github.com/gophprofile/avatars-service/internal/observability/observability.go:90.16,92.3 1 0
github.com/gophprofile/avatars-service/internal/observability/observability.go:94.2,99.16 2 0
github.com/gophprofile/avatars-service/internal/observability/observability.go:102.68,115.2 5 0
github.com/gophprofile/avatars-service/internal/observability/observability.go:117.77,119.24 2 0
github.com/gophprofile/avatars-service/internal/observability/observability.go:119.24,121.3 1 0
github.com/gophprofile/avatars-service/internal/observability/observability.go:122.2,125.3 1 0
github.com/gophprofile/avatars-service/internal/observability/observability.go:129.42,131.2 1 0
github.com/gophprofile/avatars-service/internal/observability/observability.go:135.39,139.2 3 0
github.com/gophprofile/avatars-service/internal/testutil/mocks.go:29.89,31.2 1 0
github.com/gophprofile/avatars-service/internal/testutil/mocks.go:32.99,34.2 1 0
github.com/gophprofile/avatars-service/internal/testutil/mocks.go:35.110,37.2 1 0
github.com/gophprofile/avatars-service/internal/testutil/mocks.go:38.126,40.2 1 0
github.com/gophprofile/avatars-service/internal/testutil/mocks.go:41.111,43.2 1 0
github.com/gophprofile/avatars-service/internal/testutil/mocks.go:44.107,46.2 1 0
github.com/gophprofile/avatars-service/internal/testutil/mocks.go:47.117,49.2 1 0
github.com/gophprofile/avatars-service/internal/testutil/mocks.go:50.84,52.2 1 0
github.com/gophprofile/avatars-service/internal/testutil/mocks.go:53.99,55.2 1 0
github.com/gophprofile/avatars-service/internal/testutil/mocks.go:56.104,58.2 1 0
github.com/gophprofile/avatars-service/internal/testutil/mocks.go:59.104,61.2 1 0
github.com/gophprofile/avatars-service/internal/testutil/mocks.go:62.106,64.2 1 0
github.com/gophprofile/avatars-service/internal/testutil/mocks.go:65.112,67.2 1 0
github.com/gophprofile/avatars-service/internal/testutil/mocks.go:78.121,80.2 1 0
github.com/gophprofile/avatars-service/internal/testutil/mocks.go:81.90,83.2 1 0
github.com/gophprofile/avatars-service/internal/testutil/mocks.go:84.74,86.2 1 0
github.com/gophprofile/avatars-service/internal/testutil/mocks.go:87.73,89.2 1 0
github.com/gophprofile/avatars-service/internal/testutil/mocks.go:90.113,92.2 1 0
github.com/gophprofile/avatars-service/internal/testutil/mocks.go:101.101,103.2 1 0
github.com/gophprofile/avatars-service/internal/testutil/mocks.go:104.47,106.2 1 0
github.com/gophprofile/avatars-service/internal/testutil/mocks.go:107.52,109.2 1 0
github.com/gophprofile/avatars-service/internal/testutil/mocks.go:116.94,118.2 1 0
github.com/gophprofile/avatars-service/internal/testutil/testdata.go:16.37,33.2 3 0
github.com/gophprofile/avatars-service/internal/testutil/testdata.go:36.25,39.27 3 0
github.com/gophprofile/avatars-service/internal/testutil/testdata.go:39.27,40.28 1 0
github.com/gophprofile/avatars-service/internal/testutil/testdata.go:40.28,42.4 1 0
github.com/gophprofile/avatars-service/internal/testutil/testdata.go:44.2,45.20 2 0
github.com/gophprofile/avatars-service/internal/testutil/testdata.go:49.24,52.26 3 0
github.com/gophprofile/avatars-service/internal/testutil/testdata.go:52.26,53.27 1 0
github.com/gophprofile/avatars-service/internal/testutil/testdata.go:53.27,55.4 1 0
github.com/gophprofile/avatars-service/internal/testutil/testdata.go:57.2,58.20 2 0
github.com/gophprofile/avatars-service/internal/testutil/testdata.go:62.35,64.2 1 0
github.com/gophprofile/avatars-service/internal/testutil/testdata.go:67.34,69.2 1 0
github.com/gophprofile/avatars-service/internal/testutil/testdata.go:72.35,74.2 1 0
github.com/gophprofile/avatars-service/internal/migrate/migrate.go:14.27,16.16 2 0
github.com/gophprofile/avatars-service/internal/migrate/migrate.go:16.16,18.3 1 0
github.com/gophprofile/avatars-service/internal/migrate/migrate.go:20.2,21.46 2 0
github.com/gophprofile/avatars-service/internal/migrate/migrate.go:21.46,23.3 1 0
github.com/gophprofile/avatars-service/internal/migrate/migrate.go:25.2,25.12 1 0
github.com/gophprofile/avatars-service/internal/domain/avatar.go:33.48,34.14 1 0
github.com/gophprofile/avatars-service/internal/domain/avatar.go:34.14,36.3 1 0
github.com/gophprofile/avatars-service/internal/domain/avatar.go:37.2,37.24 1 0
github.com/gophprofile/avatars-service/internal/domain/avatar.go:40.39,41.16 1 0
github.com/gophprofile/avatars-service/internal/domain/avatar.go:41.16,44.3 2 0
github.com/gophprofile/avatars-service/internal/domain/avatar.go:46.2,47.25 2 0
github.com/gophprofile/avatars-service/internal/domain/avatar.go:48.14,49.11 1 0
github.com/gophprofile/avatars-service/internal/domain/avatar.go:50.14,51.19 1 0
github.com/gophprofile/avatars-service/internal/domain/avatar.go:52.10,53.93 1 0
github.com/gophprofile/avatars-service/internal/domain/avatar.go:56.2,56.20 1 0
github.com/gophprofile/avatars-service/internal/domain/avatar.go:56.20,59.3 2 0
github.com/gophprofile/avatars-service/internal/domain/avatar.go:61.2,62.50 2 0
github.com/gophprofile/avatars-service/internal/domain/avatar.go:62.50,64.3 1 0
github.com/gophprofile/avatars-service/internal/domain/avatar.go:65.2,66.12 2 0
github.com/gophprofile/avatars-service/internal/domain/events.go:24.41,26.2 1 1
github.com/gophprofile/avatars-service/internal/domain/events.go:28.58,30.2 1 2
github.com/gophprofile/avatars-service/internal/config/config.go:43.30,45.16 2 4
github.com/gophprofile/avatars-service/internal/config/config.go:45.16,47.3 1 0
github.com/gophprofile/avatars-service/internal/config/config.go:48.2,49.16 2 4
github.com/gophprofile/avatars-service/internal/config/config.go:49.16,51.3 1 0
github.com/gophprofile/avatars-service/internal/config/config.go:52.2,53.16 2 4
github.com/gophprofile/avatars-service/internal/config/config.go:53.16,55.3 1 0
github.com/gophprofile/avatars-service/internal/config/config.go:56.2,57.16 2 4
github.com/gophprofile/avatars-service/internal/config/config.go:57.16,59.3 1 0
github.com/gophprofile/avatars-service/internal/config/config.go:60.2,61.23 2 4
github.com/gophprofile/avatars-service/internal/config/config.go:61.23,63.3 1 3
github.com/gophprofile/avatars-service/internal/config/config.go:64.2,64.24 1 4
github.com/gophprofile/avatars-service/internal/config/config.go:64.24,66.3 1 0
github.com/gophprofile/avatars-service/internal/config/config.go:68.2,69.16 2 4
github.com/gophprofile/avatars-service/internal/config/config.go:69.16,71.3 1 0
github.com/gophprofile/avatars-service/internal/config/config.go:73.2,74.42 2 4
github.com/gophprofile/avatars-service/internal/config/config.go:74.42,75.12 1 0
github.com/gophprofile/avatars-service/internal/config/config.go:76.16,77.30 1 0
github.com/gophprofile/avatars-service/internal/config/config.go:78.15,79.29 1 0
github.com/gophprofile/avatars-service/internal/config/config.go:80.16,81.30 1 0
github.com/gophprofile/avatars-service/internal/config/config.go:85.2,112.27 2 4
github.com/gophprofile/avatars-service/internal/config/config.go:112.27,114.3 1 1
github.com/gophprofile/avatars-service/internal/config/config.go:115.2,115.27 1 3
github.com/gophprofile/avatars-service/internal/config/config.go:115.27,117.3 1 1
github.com/gophprofile/avatars-service/internal/config/config.go:119.2,119.17 1 2
github.com/gophprofile/avatars-service/internal/config/config.go:122.33,125.2 1 1
github.com/gophprofile/avatars-service/internal/config/config.go:127.48,129.18 2 0
github.com/gophprofile/avatars-service/internal/config/config.go:129.18,131.3 1 0
github.com/gophprofile/avatars-service/internal/config/config.go:132.2,132.53 1 0
github.com/gophprofile/avatars-service/internal/config/config.go:135.42,136.34 1 72
github.com/gophprofile/avatars-service/internal/config/config.go:136.34,138.3 1 16
github.com/gophprofile/avatars-service/internal/config/config.go:139.2,139.17 1 56
github.com/gophprofile/avatars-service/internal/config/config.go:142.60,144.13 2 12
github.com/gophprofile/avatars-service/internal/config/config.go:144.13,146.3 1 10
github.com/gophprofile/avatars-service/internal/config/config.go:147.2,148.16 2 2
github.com/gophprofile/avatars-service/internal/config/config.go:148.16,150.3 1 0
github.com/gophprofile/avatars-service/internal/config/config.go:151.2,151.15 1 2
github.com/gophprofile/avatars-service/internal/config/config.go:154.66,156.13 2 4
github.com/gophprofile/avatars-service/internal/config/config.go:156.13,158.3 1 3
github.com/gophprofile/avatars-service/internal/config/config.go:159.2,160.16 2 1
github.com/gophprofile/avatars-service/internal/config/config.go:160.16,162.3 1 0
github.com/gophprofile/avatars-service/internal/config/config.go:163.2,163.15 1 1
github.com/gophprofile/avatars-service/internal/config/config.go:166.63,168.13 2 4
github.com/gophprofile/avatars-service/internal/config/config.go:168.13,170.3 1 3
github.com/gophprofile/avatars-service/internal/config/config.go:171.2,172.16 2 1
github.com/gophprofile/avatars-service/internal/config/config.go:172.16,174.3 1 0
github.com/gophprofile/avatars-service/internal/config/config.go:175.2,175.15 1 1
github.com/gophprofile/avatars-service/internal/api/middleware.go:17.60,18.36 1 5
github.com/gophprofile/avatars-service/internal/api/middleware.go:18.36,20.19 2 5
github.com/gophprofile/avatars-service/internal/api/middleware.go:20.19,22.4 1 1
github.com/gophprofile/avatars-service/internal/api/middleware.go:23.3,24.24 2 4
github.com/gophprofile/avatars-service/internal/api/middleware.go:24.24,26.4 1 1
github.com/gophprofile/avatars-service/internal/api/middleware.go:27.3,27.29 1 3
github.com/gophprofile/avatars-service/internal/api/middleware.go:27.29,29.4 1 1
github.com/gophprofile/avatars-service/internal/api/middleware.go:31.3,33.17 3 2
github.com/gophprofile/avatars-service/internal/api/middleware.go:37.51,39.9 2 0
github.com/gophprofile/avatars-service/internal/api/middleware.go:40.33,41.57 1 0
github.com/gophprofile/avatars-service/internal/api/middleware.go:42.28,43.52 1 0
github.com/gophprofile/avatars-service/internal/api/middleware.go:44.23,45.45 1 0
github.com/gophprofile/avatars-service/internal/api/middleware.go:46.10,47.39 1 0
github.com/gophprofile/avatars-service/internal/api/middleware.go:49.2,49.37 1 0
github.com/gophprofile/avatars-service/internal/api/middleware.go:52.53,61.2 1 2
github.com/gophprofile/avatars-service/internal/api/middleware.go:63.64,66.2 2 2
github.com/gophprofile/avatars-service/internal/api/middleware.go:81.49,89.2 3 2
github.com/gophprofile/avatars-service/internal/api/middleware.go:91.38,94.21 3 2
github.com/gophprofile/avatars-service/internal/api/middleware.go:94.21,97.34 3 0
github.com/gophprofile/avatars-service/internal/api/middleware.go:97.34,98.47 1 0
github.com/gophprofile/avatars-service/internal/api/middleware.go:98.47,100.5 1 0
github.com/gophprofile/avatars-service/internal/api/middleware.go:102.3,102.17 1 0
github.com/gophprofile/avatars-service/internal/api/middleware.go:106.70,107.36 1 12
github.com/gophprofile/avatars-service/internal/api/middleware.go:107.36,109.15 2 12
github.com/gophprofile/avatars-service/internal/api/middleware.go:109.15,111.4 1 0
github.com/gophprofile/avatars-service/internal/api/middleware.go:113.3,115.10 3 12
github.com/gophprofile/avatars-service/internal/api/middleware.go:115.10,123.4 2 2
github.com/gophprofile/avatars-service/internal/api/middleware.go:123.9,127.32 4 10
github.com/gophprofile/avatars-service/internal/api/middleware.go:127.32,129.5 1 0
github.com/gophprofile/avatars-service/internal/api/middleware.go:130.4,130.23 1 10
github.com/gophprofile/avatars-service/internal/api/middleware.go:133.3,134.20 2 12
github.com/gophprofile/avatars-service/internal/api/middleware.go:134.20,137.4 2 1
github.com/gophprofile/avatars-service/internal/api/middleware.go:138.3,140.17 2 11
github.com/gophprofile/avatars-service/internal/api/middleware.go:144.40,146.16 2 12
github.com/gophprofile/avatars-service/internal/api/middleware.go:146.16,148.3 1 0
github.com/gophprofile/avatars-service/internal/api/middleware.go:149.2,149.11 1 12
github.com/gophprofile/avatars-service/internal/api/middleware.go:152.36,153.23 1 11
github.com/gophprofile/avatars-service/internal/api/middleware.go:153.23,154.28 1 68
github.com/gophprofile/avatars-service/internal/api/middleware.go:154.28,156.4 1 4
github.com/gophprofile/avatars-service/internal/api/middleware.go:158.2,158.13 1 7
github.com/gophprofile/avatars-service/internal/api/middleware.go:161.37,163.2 1 68
github.com/gophprofile/avatars-service/internal/api/router.go:30.11,35.55 4 0
github.com/gophprofile/avatars-service/internal/api/router.go:35.55,36.29 1 0
github.com/gophprofile/avatars-service/internal/api/router.go:36.29,38.4 1 0
github.com/gophprofile/avatars-service/internal/api/router.go:39.3,42.26 4 0
github.com/gophprofile/avatars-service/internal/api/router.go:42.26,44.42 2 0
github.com/gophprofile/avatars-service/internal/api/router.go:44.42,46.5 1 0
github.com/gophprofile/avatars-service/internal/api/router.go:48.3,48.56 1 0
github.com/gophprofile/avatars-service/internal/api/router.go:51.2,82.25 24 0
github.com/gophprofile/avatars-service/internal/api/router.go:85.50,96.2 8 0
github.com/gophprofile/avatars-service/internal/api/router.go:98.54,100.2 1 0
github.com/gophprofile/avatars-service/internal/api/router.go:102.36,104.2 1 0
github.com/gophprofile/avatars-service/internal/repository/avatar_repo.go:47.56,50.2 2 1
github.com/gophprofile/avatars-service/internal/repository/avatar_repo.go:52.95,56.2 1 0
github.com/gophprofile/avatars-service/internal/repository/avatar_repo.go:58.98,59.22 1 0
github.com/gophprofile/avatars-service/internal/repository/avatar_repo.go:59.22,61.3 1 0
github.com/gophprofile/avatars-service/internal/repository/avatar_repo.go:64.79,68.15 4 0
github.com/gophprofile/avatars-service/internal/repository/avatar_repo.go:68.15,68.73 1 0
github.com/gophprofile/avatars-service/internal/repository/avatar_repo.go:70.2,76.27 3 0
github.com/gophprofile/avatars-service/internal/repository/avatar_repo.go:76.27,78.3 1 0
github.com/gophprofile/avatars-service/internal/repository/avatar_repo.go:79.2,99.16 6 0
github.com/gophprofile/avatars-service/internal/repository/avatar_repo.go:99.16,102.3 2 0
github.com/gophprofile/avatars-service/internal/repository/avatar_repo.go:103.2,103.12 1 0
github.com/gophprofile/avatars-service/internal/repository/avatar_repo.go:110.102,114.15 4 0
github.com/gophprofile/avatars-service/internal/repository/avatar_repo.go:114.15,114.82 1 0
github.com/gophprofile/avatars-service/internal/repository/avatar_repo.go:116.2,125.16 4 0
github.com/gophprofile/avatars-service/internal/repository/avatar_repo.go:125.16,126.37 1 0
github.com/gophprofile/avatars-service/internal/repository/avatar_repo.go:126.37,130.4 3 0
github.com/gophprofile/avatars-service/internal/repository/avatar_repo.go:131.3,133.13 3 0
github.com/gophprofile/avatars-service/internal/repository/avatar_repo.go:135.2,136.15 2 0
github.com/gophprofile/avatars-service/internal/repository/avatar_repo.go:136.15,139.3 2 0
github.com/gophprofile/avatars-service/internal/repository/avatar_repo.go:140.2,140.12 1 0
github.com/gophprofile/avatars-service/internal/repository/avatar_repo.go:143.48,146.2 2 0
github.com/gophprofile/avatars-service/internal/repository/avatar_repo.go:148.89,152.15 4 0
github.com/gophprofile/avatars-service/internal/repository/avatar_repo.go:152.15,152.74 1 0
github.com/gophprofile/avatars-service/internal/repository/avatar_repo.go:154.2,163.16 5 0
github.com/gophprofile/avatars-service/internal/repository/avatar_repo.go:163.16,164.36 1 0
github.com/gophprofile/avatars-service/internal/repository/avatar_repo.go:164.36,167.4 2 0
github.com/gophprofile/avatars-service/internal/repository/avatar_repo.go:168.3,170.18 3 0
github.com/gophprofile/avatars-service/internal/repository/avatar_repo.go:172.2,172.20 1 0
github.com/gophprofile/avatars-service/internal/repository/avatar_repo.go:175.96,179.15 4 0
github.com/gophprofile/avatars-service/internal/repository/avatar_repo.go:179.15,179.81 1 0
github.com/gophprofile/avatars-service/internal/repository/avatar_repo.go:181.2,189.16 5 0
github.com/gophprofile/avatars-service/internal/repository/avatar_repo.go:189.16,190.36 1 0
github.com/gophprofile/avatars-service/internal/repository/avatar_repo.go:190.36,193.4 2 0
github.com/gophprofile/avatars-service/internal/repository/avatar_repo.go:194.3,196.18 3 0
github.com/gophprofile/avatars-service/internal/repository/avatar_repo.go:198.2,198.20 1 0
github.com/gophprofile/avatars-service/internal/repository/avatar_repo.go:201.100,205.15 4 0
github.com/gophprofile/avatars-service/internal/repository/avatar_repo.go:205.15,205.84 1 0
github.com/gophprofile/avatars-service/internal/repository/avatar_repo.go:207.2,216.16 5 0
github.com/gophprofile/avatars-service/internal/repository/avatar_repo.go:216.16,217.36 1 0
github.com/gophprofile/avatars-service/internal/repository/avatar_repo.go:217.36,220.4 2 0
github.com/gophprofile/avatars-service/internal/repository/avatar_repo.go:221.3,223.18 3 0
github.com/gophprofile/avatars-service/internal/repository/avatar_repo.go:225.2,225.20 1 0
github.com/gophprofile/avatars-service/internal/repository/avatar_repo.go:228.116,229.16 1 0
github.com/gophprofile/avatars-service/internal/repository/avatar_repo.go:229.16,231.3 1 0
github.com/gophprofile/avatars-service/internal/repository/avatar_repo.go:232.2,232.16 1 0
github.com/gophprofile/avatars-service/internal/repository/avatar_repo.go:232.16,234.3 1 0
github.com/gophprofile/avatars-service/internal/repository/avatar_repo.go:236.2,239.15 4 0
github.com/gophprofile/avatars-service/internal/repository/avatar_repo.go:239.15,239.79 1 0
github.com/gophprofile/avatars-service/internal/repository/avatar_repo.go:241.2,254.16 5 0
github.com/gophprofile/avatars-service/internal/repository/avatar_repo.go:254.16,258.3 3 0
github.com/gophprofile/avatars-service/internal/repository/avatar_repo.go:259.2,259.21 1 0
github.com/gophprofile/avatars-service/internal/repository/avatar_repo.go:262.101,266.15 4 0
github.com/gophprofile/avatars-service/internal/repository/avatar_repo.go:266.15,266.89 1 0
github.com/gophprofile/avatars-service/internal/repository/avatar_repo.go:268.2,275.16 4 0
github.com/gophprofile/avatars-service/internal/repository/avatar_repo.go:275.16,279.3 3 0
github.com/gophprofile/avatars-service/internal/repository/avatar_repo.go:280.2,281.15 2 0
github.com/gophprofile/avatars-service/internal/repository/avatar_repo.go:281.15,284.3 2 0
github.com/gophprofile/avatars-service/internal/repository/avatar_repo.go:285.2,285.12 1 0
github.com/gophprofile/avatars-service/internal/repository/avatar_repo.go:288.97,292.15 4 0
github.com/gophprofile/avatars-service/internal/repository/avatar_repo.go:292.15,292.85 1 0
github.com/gophprofile/avatars-service/internal/repository/avatar_repo.go:294.2,301.16 4 0
github.com/gophprofile/avatars-service/internal/repository/avatar_repo.go:301.16,305.3 3 0
github.com/gophprofile/avatars-service/internal/repository/avatar_repo.go:306.2,307.15 2 0
github.com/gophprofile/avatars-service/internal/repository/avatar_repo.go:307.15,310.3 2 0
github.com/gophprofile/avatars-service/internal/repository/avatar_repo.go:311.2,311.12 1 0
github.com/gophprofile/avatars-service/internal/repository/avatar_repo.go:314.107,318.15 4 0
github.com/gophprofile/avatars-service/internal/repository/avatar_repo.go:318.15,318.86 1 0
github.com/gophprofile/avatars-service/internal/repository/avatar_repo.go:320.2,327.16 4 0
github.com/gophprofile/avatars-service/internal/repository/avatar_repo.go:327.16,331.3 3 0
github.com/gophprofile/avatars-service/internal/repository/avatar_repo.go:332.2,333.15 2 0
github.com/gophprofile/avatars-service/internal/repository/avatar_repo.go:333.15,336.3 2 0
github.com/gophprofile/avatars-service/internal/repository/avatar_repo.go:337.2,337.12 1 0
github.com/gophprofile/avatars-service/internal/repository/avatar_repo.go:340.74,344.15 4 0
github.com/gophprofile/avatars-service/internal/repository/avatar_repo.go:344.15,344.77 1 0
github.com/gophprofile/avatars-service/internal/repository/avatar_repo.go:346.2,350.16 4 0
github.com/gophprofile/avatars-service/internal/repository/avatar_repo.go:350.16,354.3 3 0
github.com/gophprofile/avatars-service/internal/repository/avatar_repo.go:355.2,356.15 2 0
github.com/gophprofile/avatars-service/internal/repository/avatar_repo.go:356.15,359.3 2 0
github.com/gophprofile/avatars-service/internal/repository/avatar_repo.go:360.2,360.12 1 0
github.com/gophprofile/avatars-service/internal/repository/avatar_repo.go:363.89,367.15 4 0
github.com/gophprofile/avatars-service/internal/repository/avatar_repo.go:367.15,367.91 1 0
github.com/gophprofile/avatars-service/internal/repository/avatar_repo.go:369.2,373.16 4 0
github.com/gophprofile/avatars-service/internal/repository/avatar_repo.go:373.16,377.3 3 0
github.com/gophprofile/avatars-service/internal/repository/avatar_repo.go:378.2,379.15 2 0
github.com/gophprofile/avatars-service/internal/repository/avatar_repo.go:379.15,382.3 2 0
github.com/gophprofile/avatars-service/internal/repository/avatar_repo.go:383.2,383.12 1 0
github.com/gophprofile/avatars-service/internal/repository/avatar_repo.go:386.94,390.15 4 0
github.com/gophprofile/avatars-service/internal/repository/avatar_repo.go:390.15,390.82 1 0
github.com/gophprofile/avatars-service/internal/repository/avatar_repo.go:392.2,399.16 4 0
github.com/gophprofile/avatars-service/internal/repository/avatar_repo.go:399.16,403.3 3 0
github.com/gophprofile/avatars-service/internal/repository/avatar_repo.go:404.2,405.15 2 0
github.com/gophprofile/avatars-service/internal/repository/avatar_repo.go:405.15,408.3 2 0
github.com/gophprofile/avatars-service/internal/repository/avatar_repo.go:409.2,409.12 1 0
github.com/gophprofile/avatars-service/internal/repository/avatar_repo.go:412.94,416.15 4 0
github.com/gophprofile/avatars-service/internal/repository/avatar_repo.go:416.15,416.96 1 0
github.com/gophprofile/avatars-service/internal/repository/avatar_repo.go:418.2,422.16 4 0
github.com/gophprofile/avatars-service/internal/repository/avatar_repo.go:422.16,426.3 3 0
github.com/gophprofile/avatars-service/internal/repository/avatar_repo.go:427.2,428.15 2 0
github.com/gophprofile/avatars-service/internal/repository/avatar_repo.go:428.15,431.3 2 0
github.com/gophprofile/avatars-service/internal/repository/avatar_repo.go:432.2,432.12 1 0
github.com/gophprofile/avatars-service/internal/handlers/avatar_handler.go:22.67,24.2 1 12
github.com/gophprofile/avatars-service/internal/handlers/avatar_handler.go:39.54,41.9 2 3
github.com/gophprofile/avatars-service/internal/handlers/avatar_handler.go:41.9,43.3 1 0
github.com/gophprofile/avatars-service/internal/handlers/avatar_handler.go:45.2,46.16 2 3
github.com/gophprofile/avatars-service/internal/handlers/avatar_handler.go:46.16,47.33 1 1
github.com/gophprofile/avatars-service/internal/handlers/avatar_handler.go:47.33,52.4 1 0
github.com/gophprofile/avatars-service/internal/handlers/avatar_handler.go:53.3,53.77 1 1
github.com/gophprofile/avatars-service/internal/handlers/avatar_handler.go:55.2,58.16 3 2
github.com/gophprofile/avatars-service/internal/handlers/avatar_handler.go:58.16,59.10 1 1
github.com/gophprofile/avatars-service/internal/handlers/avatar_handler.go:60.49,64.6 1 0
github.com/gophprofile/avatars-service/internal/handlers/avatar_handler.go:65.50,69.6 1 1
github.com/gophprofile/avatars-service/internal/handlers/avatar_handler.go:70.11,71.88 1 0
github.com/gophprofile/avatars-service/internal/handlers/avatar_handler.go:75.2,81.4 1 1
github.com/gophprofile/avatars-service/internal/handlers/avatar_handler.go:84.51,87.16 3 2
github.com/gophprofile/avatars-service/internal/handlers/avatar_handler.go:87.16,89.3 1 1
github.com/gophprofile/avatars-service/internal/handlers/avatar_handler.go:91.2,93.80 2 1
github.com/gophprofile/avatars-service/internal/handlers/avatar_handler.go:93.80,95.3 1 1
github.com/gophprofile/avatars-service/internal/handlers/avatar_handler.go:97.2,99.16 3 0
github.com/gophprofile/avatars-service/internal/handlers/avatar_handler.go:99.16,100.45 1 0
github.com/gophprofile/avatars-service/internal/handlers/avatar_handler.go:100.45,102.4 1 0
github.com/gophprofile/avatars-service/internal/handlers/avatar_handler.go:103.3,103.94 1 0
github.com/gophprofile/avatars-service/internal/handlers/avatar_handler.go:105.2,111.20 5 0
github.com/gophprofile/avatars-service/internal/handlers/avatar_handler.go:111.20,113.3 1 0
github.com/gophprofile/avatars-service/internal/handlers/avatar_handler.go:114.2,115.53 2 0
github.com/gophprofile/avatars-service/internal/handlers/avatar_handler.go:118.54,121.16 3 3
github.com/gophprofile/avatars-service/internal/handlers/avatar_handler.go:121.16,123.3 1 0
github.com/gophprofile/avatars-service/internal/handlers/avatar_handler.go:125.2,129.16 4 3
github.com/gophprofile/avatars-service/internal/handlers/avatar_handler.go:129.16,130.10 1 1
github.com/gophprofile/avatars-service/internal/handlers/avatar_handler.go:131.46,135.6 1 1
github.com/gophprofile/avatars-service/internal/handlers/avatar_handler.go:136.47,137.80 1 0
github.com/gophprofile/avatars-service/internal/handlers/avatar_handler.go:138.11,139.88 1 0
github.com/gophprofile/avatars-service/internal/handlers/avatar_handler.go:143.2,143.42 1 2
github.com/gophprofile/avatars-service/internal/handlers/avatar_handler.go:146.59,149.16 3 3
github.com/gophprofile/avatars-service/internal/handlers/avatar_handler.go:149.16,151.3 1 1
github.com/gophprofile/avatars-service/internal/handlers/avatar_handler.go:153.2,154.16 2 2
github.com/gophprofile/avatars-service/internal/handlers/avatar_handler.go:154.16,156.3 1 1
github.com/gophprofile/avatars-service/internal/handlers/avatar_handler.go:158.2,164.43 3 1
github.com/gophprofile/avatars-service/internal/handlers/avatar_handler.go:164.43,166.3 1 2
github.com/gophprofile/avatars-service/internal/handlers/avatar_handler.go:167.2,170.29 3 1
github.com/gophprofile/avatars-service/internal/handlers/avatar_handler.go:170.29,175.3 1 2
github.com/gophprofile/avatars-service/internal/handlers/avatar_handler.go:177.2,189.36 2 1
github.com/gophprofile/avatars-service/internal/handlers/avatar_handler.go:192.58,201.20 6 1
github.com/gophprofile/avatars-service/internal/handlers/avatar_handler.go:201.20,202.60 1 1
github.com/gophprofile/avatars-service/internal/handlers/avatar_handler.go:202.60,204.19 2 1
github.com/gophprofile/avatars-service/internal/handlers/avatar_handler.go:204.19,206.5 1 0
github.com/gophprofile/avatars-service/internal/handlers/avatar_handler.go:209.2,209.21 1 1
github.com/gophprofile/avatars-service/internal/handlers/avatar_handler.go:209.21,210.62 1 1
github.com/gophprofile/avatars-service/internal/handlers/avatar_handler.go:210.62,212.4 1 1
github.com/gophprofile/avatars-service/internal/handlers/avatar_handler.go:215.2,216.16 2 1
github.com/gophprofile/avatars-service/internal/handlers/avatar_handler.go:216.16,218.3 1 0
github.com/gophprofile/avatars-service/internal/handlers/avatar_handler.go:220.2,228.28 3 1
github.com/gophprofile/avatars-service/internal/handlers/avatar_handler.go:228.28,235.3 1 1
github.com/gophprofile/avatars-service/internal/handlers/avatar_handler.go:237.2,237.37 1 1
github.com/gophprofile/avatars-service/internal/handlers/health_handler.go:20.105,22.2 1 2
github.com/gophprofile/avatars-service/internal/handlers/health_handler.go:24.53,38.12 7 2
github.com/gophprofile/avatars-service/internal/handlers/health_handler.go:38.12,41.17 3 2
github.com/gophprofile/avatars-service/internal/handlers/health_handler.go:41.17,44.4 2 1
github.com/gophprofile/avatars-service/internal/handlers/health_handler.go:45.3,45.52 1 1
github.com/gophprofile/avatars-service/internal/handlers/health_handler.go:48.2,48.12 1 2
github.com/gophprofile/avatars-service/internal/handlers/health_handler.go:48.12,50.26 2 2
github.com/gophprofile/avatars-service/internal/handlers/health_handler.go:50.26,52.4 1 1
github.com/gophprofile/avatars-service/internal/handlers/health_handler.go:52.9,54.4 1 1
github.com/gophprofile/avatars-service/internal/handlers/health_handler.go:57.2,57.12 1 2
github.com/gophprofile/avatars-service/internal/handlers/health_handler.go:57.12,60.17 3 2
github.com/gophprofile/avatars-service/internal/handlers/health_handler.go:60.17,63.4 2 1
github.com/gophprofile/avatars-service/internal/handlers/health_handler.go:64.3,64.46 1 1
github.com/gophprofile/avatars-service/internal/handlers/health_handler.go:67.2,72.25 5 2
github.com/gophprofile/avatars-service/internal/handlers/health_handler.go:72.25,74.23 2 6
github.com/gophprofile/avatars-service/internal/handlers/health_handler.go:74.23,76.4 1 3
github.com/gophprofile/avatars-service/internal/handlers/health_handler.go:79.2,85.12 3 2
github.com/gophprofile/avatars-service/internal/handlers/health_handler.go:85.12,88.3 2 1
github.com/gophprofile/avatars-service/internal/handlers/health_handler.go:90.2,90.33 1 2
github.com/gophprofile/avatars-service/internal/handlers/user_handler.go:18.63,20.2 1 3
github.com/gophprofile/avatars-service/internal/handlers/user_handler.go:22.55,26.80 3 1
github.com/gophprofile/avatars-service/internal/handlers/user_handler.go:26.80,28.3 1 0
github.com/gophprofile/avatars-service/internal/handlers/user_handler.go:30.2,31.16 2 1
github.com/gophprofile/avatars-service/internal/handlers/user_handler.go:31.16,32.45 1 0
github.com/gophprofile/avatars-service/internal/handlers/user_handler.go:32.45,34.4 1 0
github.com/gophprofile/avatars-service/internal/handlers/user_handler.go:35.3,35.94 1 0
github.com/gophprofile/avatars-service/internal/handlers/user_handler.go:38.2,40.16 3 1
github.com/gophprofile/avatars-service/internal/handlers/user_handler.go:40.16,41.45 1 0
github.com/gophprofile/avatars-service/internal/handlers/user_handler.go:41.45,43.4 1 0
github.com/gophprofile/avatars-service/internal/handlers/user_handler.go:44.3,44.94 1 0
github.com/gophprofile/avatars-service/internal/handlers/user_handler.go:46.2,51.53 5 1
github.com/gophprofile/avatars-service/internal/handlers/user_handler.go:54.58,58.78 3 2
github.com/gophprofile/avatars-service/internal/handlers/user_handler.go:58.78,60.3 1 2
github.com/gophprofile/avatars-service/internal/handlers/user_handler.go:61.2,61.52 1 2
github.com/gophprofile/avatars-service/internal/handlers/user_handler.go:61.52,66.3 1 1
github.com/gophprofile/avatars-service/internal/handlers/user_handler.go:68.2,69.16 2 1
github.com/gophprofile/avatars-service/internal/handlers/user_handler.go:69.16,70.10 1 0
github.com/gophprofile/avatars-service/internal/handlers/user_handler.go:71.46,75.6 1 0
github.com/gophprofile/avatars-service/internal/handlers/user_handler.go:76.47,77.80 1 0
github.com/gophprofile/avatars-service/internal/handlers/user_handler.go:78.11,79.88 1 0
github.com/gophprofile/avatars-service/internal/handlers/user_handler.go:83.2,83.42 1 1
github.com/gophprofile/avatars-service/internal/handlers/web_handler.go:15.48,16.19 1 0
github.com/gophprofile/avatars-service/internal/handlers/web_handler.go:16.19,18.3 1 0
github.com/gophprofile/avatars-service/internal/handlers/web_handler.go:19.2,19.38 1 0
github.com/gophprofile/avatars-service/internal/handlers/web_handler.go:22.55,24.2 1 0
github.com/gophprofile/avatars-service/internal/handlers/web_handler.go:26.56,28.18 2 0
github.com/gophprofile/avatars-service/internal/handlers/web_handler.go:28.18,30.3 1 0
github.com/gophprofile/avatars-service/internal/handlers/web_handler.go:31.2,31.39 1 0
github.com/gophprofile/avatars-service/internal/handlers/web_handler.go:34.71,37.24 3 0
github.com/gophprofile/avatars-service/internal/handlers/web_handler.go:37.24,39.3 1 0
github.com/gophprofile/avatars-service/internal/handlers/web_handler.go:41.2,41.21 1 0
github.com/gophprofile/avatars-service/internal/services/avatar_service.go:42.18,44.50 2 6
github.com/gophprofile/avatars-service/internal/services/avatar_service.go:44.50,46.3 1 6
github.com/gophprofile/avatars-service/internal/services/avatar_service.go:47.2,54.3 1 6
github.com/gophprofile/avatars-service/internal/services/avatar_service.go:57.149,71.16 6 3
github.com/gophprofile/avatars-service/internal/services/avatar_service.go:71.16,76.3 4 1
github.com/gophprofile/avatars-service/internal/services/avatar_service.go:78.2,86.15 4 2
github.com/gophprofile/avatars-service/internal/services/avatar_service.go:86.15,88.16 2 0
github.com/gophprofile/avatars-service/internal/services/avatar_service.go:88.16,90.4 1 0
github.com/gophprofile/avatars-service/internal/services/avatar_service.go:92.2,95.16 3 2
github.com/gophprofile/avatars-service/internal/services/avatar_service.go:95.16,98.3 2 0
github.com/gophprofile/avatars-service/internal/services/avatar_service.go:100.2,101.16 2 2
github.com/gophprofile/avatars-service/internal/services/avatar_service.go:101.16,105.3 3 1
github.com/gophprofile/avatars-service/internal/services/avatar_service.go:107.2,120.16 3 1
github.com/gophprofile/avatars-service/internal/services/avatar_service.go:120.16,125.3 4 0
github.com/gophprofile/avatars-service/internal/services/avatar_service.go:127.2,135.16 3 1
github.com/gophprofile/avatars-service/internal/services/avatar_service.go:135.16,140.3 4 0
github.com/gophprofile/avatars-service/internal/services/avatar_service.go:142.2,147.22 2 1
github.com/gophprofile/avatars-service/internal/services/avatar_service.go:147.22,150.3 2 1
github.com/gophprofile/avatars-service/internal/services/avatar_service.go:152.2,152.20 1 1
github.com/gophprofile/avatars-service/internal/services/avatar_service.go:155.94,156.59 1 0
github.com/gophprofile/avatars-service/internal/services/avatar_service.go:156.59,158.3 1 0
github.com/gophprofile/avatars-service/internal/services/avatar_service.go:159.2,159.60 1 0
github.com/gophprofile/avatars-service/internal/services/avatar_service.go:159.60,161.3 1 0
github.com/gophprofile/avatars-service/internal/services/avatar_service.go:164.94,172.16 5 0
github.com/gophprofile/avatars-service/internal/services/avatar_service.go:172.16,175.3 2 0
github.com/gophprofile/avatars-service/internal/services/avatar_service.go:176.2,176.20 1 0
github.com/gophprofile/avatars-service/internal/services/avatar_service.go:179.125,190.16 5 2
github.com/gophprofile/avatars-service/internal/services/avatar_service.go:190.16,193.3 2 0
github.com/gophprofile/avatars-service/internal/services/avatar_service.go:195.2,198.48 3 2
github.com/gophprofile/avatars-service/internal/services/avatar_service.go:198.48,199.60 1 1
github.com/gophprofile/avatars-service/internal/services/avatar_service.go:199.60,202.4 2 1
github.com/gophprofile/avatars-service/internal/services/avatar_service.go:205.2,206.16 2 2
github.com/gophprofile/avatars-service/internal/services/avatar_service.go:206.16,209.3 2 0
github.com/gophprofile/avatars-service/internal/services/avatar_service.go:211.2,211.33 1 2
github.com/gophprofile/avatars-service/internal/services/avatar_service.go:214.93,225.16 5 1
github.com/gophprofile/avatars-service/internal/services/avatar_service.go:225.16,228.3 2 0
github.com/gophprofile/avatars-service/internal/services/avatar_service.go:230.2,230.43 1 1
github.com/gophprofile/avatars-service/internal/services/avatar_service.go:230.43,233.3 2 0
github.com/gophprofile/avatars-service/internal/services/avatar_service.go:235.2,236.45 2 1
github.com/gophprofile/avatars-service/internal/services/avatar_service.go:236.45,238.3 1 2
github.com/gophprofile/avatars-service/internal/services/avatar_service.go:240.2,241.16 2 1
github.com/gophprofile/avatars-service/internal/services/avatar_service.go:241.16,244.3 2 0
github.com/gophprofile/avatars-service/internal/services/avatar_service.go:246.2,246.17 1 1
github.com/gophprofile/avatars-service/internal/services/avatar_service.go:246.17,248.3 1 0
github.com/gophprofile/avatars-service/internal/services/avatar_service.go:248.8,250.3 1 1
github.com/gophprofile/avatars-service/internal/services/avatar_service.go:251.2,251.16 1 1
github.com/gophprofile/avatars-service/internal/services/avatar_service.go:251.16,254.3 2 0
github.com/gophprofile/avatars-service/internal/services/avatar_service.go:256.2,256.12 1 1
github.com/gophprofile/avatars-service/internal/services/avatar_service.go:259.110,269.44 4 0
github.com/gophprofile/avatars-service/internal/services/avatar_service.go:269.44,272.3 2 0
github.com/gophprofile/avatars-service/internal/services/avatar_service.go:274.2,275.16 2 0
github.com/gophprofile/avatars-service/internal/services/avatar_service.go:275.16,278.3 2 0
github.com/gophprofile/avatars-service/internal/services/avatar_service.go:280.2,281.45 2 0
github.com/gophprofile/avatars-service/internal/services/avatar_service.go:281.45,283.3 1 0
github.com/gophprofile/avatars-service/internal/services/avatar_service.go:285.2,286.16 2 0
github.com/gophprofile/avatars-service/internal/services/avatar_service.go:286.16,289.3 2 0
github.com/gophprofile/avatars-service/internal/services/avatar_service.go:291.2,292.16 2 0
github.com/gophprofile/avatars-service/internal/services/avatar_service.go:292.16,295.3 2 0
github.com/gophprofile/avatars-service/internal/services/avatar_service.go:297.2,297.12 1 0
github.com/gophprofile/avatars-service/internal/services/avatar_service.go:300.107,308.16 5 0
github.com/gophprofile/avatars-service/internal/services/avatar_service.go:308.16,311.3 2 0
github.com/gophprofile/avatars-service/internal/services/avatar_service.go:312.2,312.20 1 0
github.com/gophprofile/avatars-service/internal/services/avatar_service.go:315.124,327.16 5 0
github.com/gophprofile/avatars-service/internal/services/avatar_service.go:327.16,330.3 2 0
github.com/gophprofile/avatars-service/internal/services/avatar_service.go:331.2,331.21 1 0
github.com/gophprofile/avatars-service/internal/services/avatar_service.go:334.44,335.18 1 2
github.com/gophprofile/avatars-service/internal/services/avatar_service.go:336.20,337.16 1 2
github.com/gophprofile/avatars-service/internal/services/avatar_service.go:338.19,339.16 1 0
github.com/gophprofile/avatars-service/internal/services/avatar_service.go:340.20,341.17 1 0
github.com/gophprofile/avatars-service/internal/services/avatar_service.go:342.10,343.12 1 0
github.com/gophprofile/avatars-service/internal/services/mime_validator.go:28.39,30.2 1 7
github.com/gophprofile/avatars-service/internal/services/mime_validator.go:32.90,35.33 3 7
github.com/gophprofile/avatars-service/internal/services/mime_validator.go:35.33,37.3 1 1
github.com/gophprofile/avatars-service/internal/services/mime_validator.go:38.2,38.12 1 6
github.com/gophprofile/avatars-service/internal/services/mime_validator.go:38.12,40.3 1 1
github.com/gophprofile/avatars-service/internal/services/mime_validator.go:42.2,43.59 2 5
github.com/gophprofile/avatars-service/internal/services/mime_validator.go:43.59,45.3 1 1
github.com/gophprofile/avatars-service/internal/services/mime_validator.go:49.2,50.16 2 4
github.com/gophprofile/avatars-service/internal/services/mime_validator.go:50.16,52.3 1 0
github.com/gophprofile/avatars-service/internal/services/mime_validator.go:54.2,55.25 2 4
github.com/gophprofile/avatars-service/internal/services/mime_validator.go:55.25,57.3 1 1
github.com/gophprofile/avatars-service/internal/services/mime_validator.go:59.2,59.37 1 3
github.com/gophprofile/avatars-service/internal/services/mime_validator.go:62.42,63.9 1 5
github.com/gophprofile/avatars-service/internal/services/mime_validator.go:64.54,65.22 1 2
github.com/gophprofile/avatars-service/internal/services/mime_validator.go:66.84,67.21 1 1
github.com/gophprofile/avatars-service/internal/services/mime_validator.go:68.104,69.22 1 1
github.com/gophprofile/avatars-service/internal/services/mime_validator.go:71.2,71.11 1 1
github.com/gophprofile/avatars-service/internal/services/rabbitmq_pub.go:32.97,36.39 4 0
github.com/gophprofile/avatars-service/internal/services/rabbitmq_pub.go:36.39,38.3 1 0
github.com/gophprofile/avatars-service/internal/services/rabbitmq_pub.go:39.2,39.15 1 0
github.com/gophprofile/avatars-service/internal/services/rabbitmq_pub.go:42.64,44.16 2 0
github.com/gophprofile/avatars-service/internal/services/rabbitmq_pub.go:44.16,46.3 1 0
github.com/gophprofile/avatars-service/internal/services/rabbitmq_pub.go:48.2,49.16 2 0
github.com/gophprofile/avatars-service/internal/services/rabbitmq_pub.go:49.16,52.3 2 0
github.com/gophprofile/avatars-service/internal/services/rabbitmq_pub.go:54.2,63.16 2 0
github.com/gophprofile/avatars-service/internal/services/rabbitmq_pub.go:63.16,67.3 3 0
github.com/gophprofile/avatars-service/internal/services/rabbitmq_pub.go:69.2,71.12 3 0
github.com/gophprofile/avatars-service/internal/services/rabbitmq_pub.go:74.59,75.76 1 0
github.com/gophprofile/avatars-service/internal/services/rabbitmq_pub.go:75.76,77.3 1 0
github.com/gophprofile/avatars-service/internal/services/rabbitmq_pub.go:78.2,78.40 1 0
github.com/gophprofile/avatars-service/internal/services/rabbitmq_pub.go:81.90,95.16 6 0
github.com/gophprofile/avatars-service/internal/services/rabbitmq_pub.go:95.16,98.3 2 0
github.com/gophprofile/avatars-service/internal/services/rabbitmq_pub.go:100.2,103.50 3 0
github.com/gophprofile/avatars-service/internal/services/rabbitmq_pub.go:103.50,106.3 2 0
github.com/gophprofile/avatars-service/internal/services/rabbitmq_pub.go:108.2,109.25 2 0
github.com/gophprofile/avatars-service/internal/services/rabbitmq_pub.go:109.25,122.21 2 0
github.com/gophprofile/avatars-service/internal/services/rabbitmq_pub.go:122.21,128.4 2 0
github.com/gophprofile/avatars-service/internal/services/rabbitmq_pub.go:130.3,130.43 1 0
github.com/gophprofile/avatars-service/internal/services/rabbitmq_pub.go:130.43,131.43 1 0
github.com/gophprofile/avatars-service/internal/services/rabbitmq_pub.go:131.43,134.5 2 0
github.com/gophprofile/avatars-service/internal/services/rabbitmq_pub.go:137.3,137.10 1 0
github.com/gophprofile/avatars-service/internal/services/rabbitmq_pub.go:138.21,140.63 2 0
github.com/gophprofile/avatars-service/internal/services/rabbitmq_pub.go:141.66,141.66 0 0
github.com/gophprofile/avatars-service/internal/services/rabbitmq_pub.go:145.2,147.68 3 0
github.com/gophprofile/avatars-service/internal/services/rabbitmq_pub.go:150.97,152.2 1 0
github.com/gophprofile/avatars-service/internal/services/rabbitmq_pub.go:154.43,158.17 3 0
github.com/gophprofile/avatars-service/internal/services/rabbitmq_pub.go:158.17,161.3 2 0
github.com/gophprofile/avatars-service/internal/services/rabbitmq_pub.go:162.2,162.19 1 0
github.com/gophprofile/avatars-service/internal/services/rabbitmq_pub.go:162.19,166.3 3 0
github.com/gophprofile/avatars-service/internal/services/rabbitmq_pub.go:167.2,167.12 1 0
github.com/gophprofile/avatars-service/internal/services/rabbitmq_pub.go:170.48,174.2 3 0
github.com/gophprofile/avatars-service/internal/services/s3_service.go:33.133,39.16 2 0
github.com/gophprofile/avatars-service/internal/services/s3_service.go:39.16,41.3 1 0
github.com/gophprofile/avatars-service/internal/services/s3_service.go:43.2,43.54 1 0
github.com/gophprofile/avatars-service/internal/services/s3_service.go:43.54,45.3 1 0
github.com/gophprofile/avatars-service/internal/services/s3_service.go:47.2,47.56 1 0
github.com/gophprofile/avatars-service/internal/services/s3_service.go:50.117,70.14 6 0
github.com/gophprofile/avatars-service/internal/services/s3_service.go:70.14,72.3 1 0
github.com/gophprofile/avatars-service/internal/services/s3_service.go:74.2,75.16 2 0
github.com/gophprofile/avatars-service/internal/services/s3_service.go:75.16,78.3 2 0
github.com/gophprofile/avatars-service/internal/services/s3_service.go:79.2,80.12 2 0
github.com/gophprofile/avatars-service/internal/services/s3_service.go:83.86,101.16 7 0
github.com/gophprofile/avatars-service/internal/services/s3_service.go:101.16,105.3 3 0
github.com/gophprofile/avatars-service/internal/services/s3_service.go:106.2,107.25 2 0
github.com/gophprofile/avatars-service/internal/services/s3_service.go:110.70,111.20 1 0
github.com/gophprofile/avatars-service/internal/services/s3_service.go:111.20,113.3 1 0
github.com/gophprofile/avatars-service/internal/services/s3_service.go:115.2,127.25 6 0
github.com/gophprofile/avatars-service/internal/services/s3_service.go:127.25,129.3 1 0
github.com/gophprofile/avatars-service/internal/services/s3_service.go:131.2,140.16 3 0
github.com/gophprofile/avatars-service/internal/services/s3_service.go:140.16,143.3 2 0
github.com/gophprofile/avatars-service/internal/services/s3_service.go:144.2,145.12 2 0
github.com/gophprofile/avatars-service/internal/services/s3_service.go:148.69,152.16 2 0
github.com/gophprofile/avatars-service/internal/services/s3_service.go:152.16,154.66 2 0
github.com/gophprofile/avatars-service/internal/services/s3_service.go:154.66,156.4 1 0
github.com/gophprofile/avatars-service/internal/services/s3_service.go:157.3,157.54 1 0
github.com/gophprofile/avatars-service/internal/services/s3_service.go:160.2,160.18 1 0
github.com/gophprofile/avatars-service/internal/services/s3_service.go:163.109,169.35 2 0
github.com/gophprofile/avatars-service/internal/services/s3_service.go:169.35,171.3 1 0
github.com/gophprofile/avatars-service/internal/services/s3_service.go:172.2,172.16 1 0
github.com/gophprofile/avatars-service/internal/services/s3_service.go:172.16,174.3 1 0
github.com/gophprofile/avatars-service/internal/services/s3_service.go:176.2,176.21 1 0
github.com/gophprofile/avatars-service/internal/worker/consumer.go:49.124,58.2 1 0
github.com/gophprofile/avatars-service/internal/worker/consumer.go:60.53,61.6 1 0
github.com/gophprofile/avatars-service/internal/worker/consumer.go:61.6,62.10 1 0
github.com/gophprofile/avatars-service/internal/worker/consumer.go:63.21,64.20 1 0
github.com/gophprofile/avatars-service/internal/worker/consumer.go:65.11,65.11 0 0
github.com/gophprofile/avatars-service/internal/worker/consumer.go:68.3,69.17 2 0
github.com/gophprofile/avatars-service/internal/worker/consumer.go:69.17,71.42 2 0
github.com/gophprofile/avatars-service/internal/worker/consumer.go:71.42,73.5 1 0
github.com/gophprofile/avatars-service/internal/worker/consumer.go:74.4,74.12 1 0
github.com/gophprofile/avatars-service/internal/worker/consumer.go:77.3,86.17 2 0
github.com/gophprofile/avatars-service/internal/worker/consumer.go:86.17,90.42 4 0
github.com/gophprofile/avatars-service/internal/worker/consumer.go:90.42,92.5 1 0
github.com/gophprofile/avatars-service/internal/worker/consumer.go:93.4,93.12 1 0
github.com/gophprofile/avatars-service/internal/worker/consumer.go:96.3,105.10 7 0
github.com/gophprofile/avatars-service/internal/worker/consumer.go:106.21,109.20 3 0
github.com/gophprofile/avatars-service/internal/worker/consumer.go:110.33,117.42 7 0
github.com/gophprofile/avatars-service/internal/worker/consumer.go:117.42,119.5 1 0
github.com/gophprofile/avatars-service/internal/worker/consumer.go:124.90,126.16 2 0
github.com/gophprofile/avatars-service/internal/worker/consumer.go:126.16,128.3 1 0
github.com/gophprofile/avatars-service/internal/worker/consumer.go:130.2,131.16 2 0
github.com/gophprofile/avatars-service/internal/worker/consumer.go:131.16,134.3 2 0
github.com/gophprofile/avatars-service/internal/worker/consumer.go:136.2,136.21 1 0
github.com/gophprofile/avatars-service/internal/worker/consumer.go:136.21,136.49 2 0
github.com/gophprofile/avatars-service/internal/worker/consumer.go:138.2,138.96 1 0
github.com/gophprofile/avatars-service/internal/worker/consumer.go:138.96,141.3 2 0
github.com/gophprofile/avatars-service/internal/worker/consumer.go:143.2,144.84 2 0
github.com/gophprofile/avatars-service/internal/worker/consumer.go:144.84,147.3 2 0
github.com/gophprofile/avatars-service/internal/worker/consumer.go:149.2,160.16 2 0
github.com/gophprofile/avatars-service/internal/worker/consumer.go:160.16,163.3 2 0
github.com/gophprofile/avatars-service/internal/worker/consumer.go:165.2,165.81 1 0
github.com/gophprofile/avatars-service/internal/worker/consumer.go:165.81,168.3 2 0
github.com/gophprofile/avatars-service/internal/worker/consumer.go:170.2,175.98 3 0
github.com/gophprofile/avatars-service/internal/worker/consumer.go:175.98,178.3 2 0
github.com/gophprofile/avatars-service/internal/worker/consumer.go:180.2,180.44 1 0
github.com/gophprofile/avatars-service/internal/worker/consumer.go:180.44,183.3 2 0
github.com/gophprofile/avatars-service/internal/worker/consumer.go:185.2,185.22 1 0
github.com/gophprofile/avatars-service/internal/worker/consumer.go:188.63,189.9 1 0
github.com/gophprofile/avatars-service/internal/worker/consumer.go:190.20,191.15 1 0
github.com/gophprofile/avatars-service/internal/worker/consumer.go:192.23,193.14 1 0
github.com/gophprofile/avatars-service/internal/worker/consumer.go:197.101,198.6 1 0
github.com/gophprofile/avatars-service/internal/worker/consumer.go:198.6,199.10 1 0
github.com/gophprofile/avatars-service/internal/worker/consumer.go:200.21,201.10 1 0
github.com/gophprofile/avatars-service/internal/worker/consumer.go:202.26,203.11 1 0
github.com/gophprofile/avatars-service/internal/worker/consumer.go:203.11,205.5 1 0
github.com/gophprofile/avatars-service/internal/worker/consumer.go:206.4,206.34 1 0
github.com/gophprofile/avatars-service/internal/worker/consumer.go:211.93,231.57 6 0
github.com/gophprofile/avatars-service/internal/worker/consumer.go:231.57,237.3 5 0
github.com/gophprofile/avatars-service/internal/worker/consumer.go:239.2,245.32 2 0
github.com/gophprofile/avatars-service/internal/worker/consumer.go:245.32,247.3 1 0
github.com/gophprofile/avatars-service/internal/worker/consumer.go:249.2,250.16 2 0
github.com/gophprofile/avatars-service/internal/worker/consumer.go:250.16,256.3 5 0
github.com/gophprofile/avatars-service/internal/worker/consumer.go:258.2,259.16 2 0
github.com/gophprofile/avatars-service/internal/worker/consumer.go:259.16,260.49 1 0
github.com/gophprofile/avatars-service/internal/worker/consumer.go:260.49,266.4 5 0
github.com/gophprofile/avatars-service/internal/worker/consumer.go:267.3,267.45 1 0
github.com/gophprofile/avatars-service/internal/worker/consumer.go:267.45,273.4 5 0
github.com/gophprofile/avatars-service/internal/worker/consumer.go:274.3,278.9 5 0
github.com/gophprofile/avatars-service/internal/worker/consumer.go:281.2,282.16 2 0
github.com/gophprofile/avatars-service/internal/worker/consumer.go:282.16,288.3 5 0
github.com/gophprofile/avatars-service/internal/worker/consumer.go:289.2,292.16 3 0
github.com/gophprofile/avatars-service/internal/worker/consumer.go:292.16,298.3 5 0
github.com/gophprofile/avatars-service/internal/worker/consumer.go:300.2,300.70 1 0
github.com/gophprofile/avatars-service/internal/worker/consumer.go:300.70,306.3 5 0
github.com/gophprofile/avatars-service/internal/worker/consumer.go:308.2,309.16 2 0
github.com/gophprofile/avatars-service/internal/worker/consumer.go:309.16,315.3 5 0
github.com/gophprofile/avatars-service/internal/worker/consumer.go:317.2,317.90 1 0
github.com/gophprofile/avatars-service/internal/worker/consumer.go:317.90,328.3 6 0
github.com/gophprofile/avatars-service/internal/worker/consumer.go:330.2,331.16 2 0
github.com/gophprofile/avatars-service/internal/worker/consumer.go:331.16,337.3 5 0
github.com/gophprofile/avatars-service/internal/worker/consumer.go:339.2,341.42 3 0
github.com/gophprofile/avatars-service/internal/worker/consumer.go:341.42,343.112 2 0
github.com/gophprofile/avatars-service/internal/worker/consumer.go:343.112,349.4 5 0
github.com/gophprofile/avatars-service/internal/worker/consumer.go:350.3,351.28 2 0
github.com/gophprofile/avatars-service/internal/worker/consumer.go:354.2,354.81 1 0
github.com/gophprofile/avatars-service/internal/worker/consumer.go:354.81,360.3 5 0
github.com/gophprofile/avatars-service/internal/worker/consumer.go:362.2,368.82 4 0
github.com/gophprofile/avatars-service/internal/worker/consumer.go:371.114,372.27 1 0
github.com/gophprofile/avatars-service/internal/worker/consumer.go:372.27,373.56 1 0
github.com/gophprofile/avatars-service/internal/worker/consumer.go:373.56,375.4 1 0
github.com/gophprofile/avatars-service/internal/worker/consumer.go:377.2,377.94 1 0
github.com/gophprofile/avatars-service/internal/worker/consumer.go:377.94,379.3 1 0
github.com/gophprofile/avatars-service/internal/worker/consumer.go:380.2,380.16 1 0
github.com/gophprofile/avatars-service/internal/worker/consumer.go:383.106,385.34 2 0
github.com/gophprofile/avatars-service/internal/worker/consumer.go:385.34,389.3 3 0
github.com/gophprofile/avatars-service/internal/worker/consumer.go:391.2,393.20 3 0
github.com/gophprofile/avatars-service/internal/worker/consumer.go:393.20,395.3 1 0
github.com/gophprofile/avatars-service/internal/worker/consumer.go:396.2,408.16 4 0
github.com/gophprofile/avatars-service/internal/worker/consumer.go:408.16,412.3 3 0
github.com/gophprofile/avatars-service/internal/worker/consumer.go:413.2,413.16 1 0
github.com/gophprofile/avatars-service/internal/worker/consumer.go:416.40,417.24 1 0
github.com/gophprofile/avatars-service/internal/worker/consumer.go:417.24,419.3 1 0
github.com/gophprofile/avatars-service/internal/worker/consumer.go:420.2,420.56 1 0
github.com/gophprofile/avatars-service/internal/worker/consumer.go:420.56,422.3 1 0
github.com/gophprofile/avatars-service/internal/worker/consumer.go:423.2,423.10 1 0
github.com/gophprofile/avatars-service/internal/worker/consumer.go:426.39,430.2 3 0
github.com/gophprofile/avatars-service/internal/worker/thumbnailer.go:20.35,22.2 1 3
github.com/gophprofile/avatars-service/internal/worker/thumbnailer.go:24.145,27.27 2 3
github.com/gophprofile/avatars-service/internal/worker/thumbnailer.go:27.27,28.10 1 4
github.com/gophprofile/avatars-service/internal/worker/thumbnailer.go:29.21,30.25 1 1
github.com/gophprofile/avatars-service/internal/worker/thumbnailer.go:31.11,31.11 0 3
github.com/gophprofile/avatars-service/internal/worker/thumbnailer.go:34.3,36.17 3 3
github.com/gophprofile/avatars-service/internal/worker/thumbnailer.go:36.17,38.4 1 0
github.com/gophprofile/avatars-service/internal/worker/thumbnailer.go:40.3,41.22 2 3
github.com/gophprofile/avatars-service/internal/worker/thumbnailer.go:44.2,44.21 1 2
github.com/gophprofile/avatars-service/internal/worker/thumbnailer.go:47.83,52.67 4 3
github.com/gophprofile/avatars-service/internal/worker/thumbnailer.go:52.67,55.19 3 1
github.com/gophprofile/avatars-service/internal/worker/thumbnailer.go:55.19,58.4 2 1
github.com/gophprofile/avatars-service/internal/worker/thumbnailer.go:60.3,62.78 3 1
github.com/gophprofile/avatars-service/internal/worker/thumbnailer.go:65.2,65.60 1 3
github.com/gophprofile/avatars-service/internal/worker/thumbnailer.go:68.51,70.75 2 3
github.com/gophprofile/avatars-service/internal/worker/thumbnailer.go:70.75,72.3 1 0
github.com/gophprofile/avatars-service/internal/worker/thumbnailer.go:73.2,73.25 1 3
github.com/gophprofile/avatars-service/internal/worker/thumbnailer.go:79.64,81.16 2 0
github.com/gophprofile/avatars-service/internal/worker/thumbnailer.go:81.16,83.3 1 0
github.com/gophprofile/avatars-service/internal/worker/thumbnailer.go:84.2,84.59 1 0
github.com/gophprofile/avatars-service/internal/worker/thumbnailer.go:84.59,86.3 1 0
github.com/gophprofile/avatars-service/internal/worker/thumbnailer.go:87.2,87.12 1 0
github.com/gophprofile/avatars-service/internal/worker/thumbnailer.go:90.44,93.20 3 6
github.com/gophprofile/avatars-service/internal/worker/thumbnailer.go:93.20,95.3 1 2
github.com/gophprofile/avatars-service/internal/worker/thumbnailer.go:97.2,97.9 1 6
github.com/gophprofile/avatars-service/internal/worker/thumbnailer.go:98.83,99.24 1 2
github.com/gophprofile/avatars-service/internal/worker/thumbnailer.go:100.103,101.23 1 2
github.com/gophprofile/avatars-service/internal/worker/thumbnailer.go:102.57,103.24 1 1
github.com/gophprofile/avatars-service/internal/worker/thumbnailer.go:105.2,105.15 1 6
github.com/gophprofile/avatars-service/internal/worker/thumbnailer.go:108.60,111.16 3 2
github.com/gophprofile/avatars-service/internal/worker/thumbnailer.go:111.16,113.3 1 0
github.com/gophprofile/avatars-service/internal/worker/thumbnailer.go:114.2,114.25 1 2
